2026-02-18 21:21:07.799 [wrapper-start] off
2026-02-18 21:25:47.530 [UserPromptSubmit] on
2026-02-18 21:25:51.005 [PostToolUse] on
2026-02-18 21:25:52.781 [PostToolUse] on
2026-02-18 21:25:55.051 [PostToolUse] on
2026-02-18 21:25:56.985 [PostToolUse] on
2026-02-18 21:25:58.776 [PostToolUse] on
2026-02-18 21:26:00.161 [PostToolUse] on
2026-02-18 21:26:01.422 [PostToolUse] on
2026-02-18 21:26:05.890 [PostToolUse] on
2026-02-18 21:26:07.846 [PostToolUse] on
2026-02-18 21:26:11.150 [PostToolUse] on
2026-02-18 21:26:16.792 [PermissionRequest] permission
2026-02-18 21:26:30.542 [PostToolUse] on
2026-02-18 21:26:33.592 [PostToolUse] on
2026-02-18 21:26:49.007 [SessionEnd] off
2026-02-18 21:26:49.058 [wrapper-exit-trap] off
2026-02-18 21:26:54.792 [wrapper-start] off
2026-02-18 21:27:01.347 [UserPromptSubmit] on
2026-02-18 21:27:27.815 [PostToolUse] on
2026-02-18 21:27:36.222 [PostToolUse] on
2026-02-18 21:27:37.952 [PostToolUse] on
2026-02-18 21:27:39.911 [PostToolUse] on
2026-02-18 21:27:41.782 [PostToolUse] on
2026-02-18 21:27:48.219 [PostToolUse] on
2026-02-18 21:27:58.240 [PostToolUse] on
2026-02-18 21:27:59.795 [PostToolUse] on
2026-02-18 21:28:07.745 [PostToolUse] on
